main.c:95:5:main	8	static
main.c:183:6:SystemClock_Config	72	static
main.c:219:13:MX_TIM2_Init	32	static
main.c:264:13:MX_GPIO_Init	32	static
main.c:313:6:display7SEG	16	static
main.c:349:6:update7SEG	16	static
main.c:371:6:updateLEDMatrix	24	static
main.c:384:6:updateClockBuffer	4	static
main.c:391:6:setTimer0	16	static
main.c:395:6:setTimer1	16	static
main.c:399:6:setTimer2	16	static
main.c:404:6:timer_run	4	static
main.c:427:6:HAL_TIM_PeriodElapsedCallback	16	static
main.c:437:6:Error_Handler	4	static,ignoring_inline_asm
